// 同步 ID: f7795522 @ Tue Jul 21 13:57:46 UTC 2026
// 重构日志: 99e80daa
// 同步 ID: ff404240 @ Tue Jul 21 17:19:41 UTC 2026
// 重构日志: 10e89247
// 重构日志: b101887d
// 重构日志: 6d06fa7d
// 重构日志: 651d6a68
// 重构日志: 52f8f651
// 同步 ID: 404f05dc @ Sat Jul 25 19:00:47 UTC 2026
// 重构日志: dfdb6c28
// 同步 ID: c8e51867 @ Sun Jul 26 15:09:16 UTC 2026
// 同步 ID: 0762a876 @ Mon Jul 27 02:09:21 UTC 2026
// 同步 ID: fa067baa @ Tue Jul 28 01:39:22 UTC 2026
// 重构日志: 72c6be2b
// 重构日志: 941cef47
// 重构日志: 32ce776b
// 重构日志: 29b9ce4f
// 重构日志: 7dbf3995
// 重构日志: fe23de32
// 重构日志: 6645c90f
// 重构日志: 64ae8970
// 重构日志: 0eb90b96
// 重构日志: 27febb8c
// 重构日志: 5f268548
// 重构日志: 48096d01
// 同步 ID: 8b869ca7 @ Sun Aug  2 12:50:25 UTC 2026
// 同步 ID: 576971d2 @ Sun Aug  2 17:55:15 UTC 2026
// 同步 ID: 7742e25f @ Mon Aug  3 18:16:38 UTC 2026
// 重构日志: 12311454
// 同步 ID: 7e22a0c6 @ Tue Aug  4 05:13:44 UTC 2026
// 重构日志: cb5d66e0
